border_size=1
usage=map

Wot         , Wot         , Wot         , Wot         , Wwt         , Wwt         , Ds          , Ds          , Ds          , Ds          , Gs^Fds      , Ds          , Gs^Fds      , Ds          , Gs^Fds      , Ds          , Gs^Fds      , Ds          , Ds          , Ds          , Ds          , Ds          , Ds          , Gs^Fds      , Gs^Fds      , Ds          , Gs^Fds      , Ds          , Gs^Fds      , Ds          , Gs^Fds      , Ds          , Ds          , Wwt         , Wot         , Wot         , Wot         , Wot         , Wot         , Wot         , Wot         
Wot         , Wot         , Wot         , Wot         , Wwt         , Wwt         , Ds          , Ds          , Gs^Fds      , Gs^Fds      , Gs^Fds      , Gs^Fds      , Gs^Fds      , Gs^Fds      , Rd^Xo       , Gs^Fds      , Gs^Fds      , Gs^Fds      , Gs^Fds      , Gs^Fds      , Gs^Fds      , Gs^Fds      , Gs^Fds      , Gs^Fds      , Gs^Fds      , Gs^Fds      , Rd^Xo       , Gs^Fds      , Gs^Fds      , Gs^Fds      , Gs^Fds      , Gs^Fds      , Ds          , Wwt         , Wwt         , Wot         , Wwt         , Wot         , Wot         , Wot         , Wot         
Wot         , Wot         , Wot         , Wot         , Ww^Bsb\     , Wwt         , Ds          , Ds          , Gs^Fds      , Gs^Fds      , Gs^Fds      , Gs^Fds      , Rd^Xo       , Rd^Xo       , Rr^Vht      , Rd^Xo       , Rd^Xo       , Gs^Fds      , Gs^Fds      , Gs^Fds      , Gs^Fds      , Gs^Fds      , Gs^Fds      , Gs^Fds      , Rd^Xo       , Rd^Xo       , Rr^Vht      , Rd^Xo       , Rd^Xo       , Gs^Fds      , Gs^Fds      , Gs^Fds      , Gs^Fds      , Ds          , Ds          , Wwt         , Ds          , Wwt         , Wwt         , Wot         , Wot         
Wot         , Wot         , Ww^Bsb\     , Wwt         , Rd          , Rr^Bsb\     , Rrc         , Rd          , Gs^Fds      , Gs^Fds      , Rd^Xo       , Rd^Xo       , Rrc         , Rrc         , Wo^Xo       , Rrc         , Rrc         , Rd^Xo       , Rd^Xo       , Gs^Fds      , Gs^Fds      , Gs^Fds      , Rd^Xo       , Rd^Xo       , Rrc         , Rrc         , Wo^Xo       , Rrc         , Rrc         , Rd^Xo       , Rd^Xo       , Gs^Fds      , Gs^Fds      , Gs^Fds      , Gs^Fds      , Ds          , Gs^Fds      , Ds          , Ds          , Wwt         , Wwt         
Wwt         , Wwt         , Ds          , Rr^Bsb\     , Rrc         , 2 Rd        , Rrc         , Rd          , Rrc         , Rd          , Rrc         , Rrc         , Wo^Xo       , Wo^Xo       , Gs^Efm      , Wo^Xo       , Wo^Xo       , Rrc         , Rrc         , Rd^Xo       , Rd^Xo       , Rd^Xo       , Rrc         , Rrc         , Wo^Xo       , Wo^Xo       , Gs^Efm      , Wo^Xo       , Wo^Xo       , Rrc         , Rrc         , Rd^Xo       , Rd^Xo       , Gs^Fds      , Gs^Fds      , Gs^Fds      , Gs^Fds      , Gs^Fds      , Gs^Fds      , Ds          , Ds          
Ds          , Ds          , Gs^Fds      , Rd          , Gs^Fds      , Rrc         , Rr^Fet      , Rrc         , Rr^Vht      , Rrc         , Wo^Xo       , Wo^Xo       , Gs^Efm      , Gs^Efm      , Gg^Fet      , Gs^Efm      , Gs^Efm      , Wo^Xo       , Wo^Xo       , Rrc         , Rr^Vht      , Rrc         , Wo^Xo       , Wo^Xo       , Gs^Efm      , Gs^Efm      , Gg^Fet      , Gs^Efm      , Gs^Efm      , Wo^Xo       , Wo^Xo       , Rrc         , Rr^Vht      , Rd^Xo       , Rd^Xo       , Gs^Fds      , Gs^Fds      , Gs^Fds      , Gs^Fds      , Gs^Fds      , Gs^Fds      
Gs^Fds      , Gs^Fds      , Gs^Fds      , Gs^Fds      , Rd^Xo       , Rd          , Rrc         , Rrc         , Wo^Xo       , Rrc         , Rrc         , Wo^Xo       , Wo^Xo       , Gs^Efm      , Gs^Efm      , Gs^Efm      , Wo^Xo       , Wo^Xo       , Rrc         , Rrc         , Wo^Xo       , Rrc         , Rrc         , Wo^Xo       , Wo^Xo       , Gs^Efm      , Gs^Efm      , Gs^Efm      , Wo^Xo       , Wo^Xo       , Rrc         , Rrc         , Wo^Xo       , Rrc         , Rrc         , Rd^Xo       , Rd^Xo       , Gs^Fds      , Gs^Fds      , Gs^Fds      , Gs^Fds      
Gs^Fds      , Gs^Fds      , Rd^Xo       , Rd^Xo       , Rrc         , Rrc         , Wo^Xo       , Wo^Xo       , Gs^Efm      , Wo^Xo       , Wo^Xo       , Rrc         , Rrc         , Wo^Xo       , Wo^Xo       , Wo^Xo       , Rrc         , Rrc         , Wo^Xo       , Wo^Xo       , Gs^Efm      , Wo^Xo       , Wo^Xo       , Rrc         , Rrc         , Wo^Xo       , Wo^Xo       , Wo^Xo       , Rrc         , Rrc         , Wo^Xo       , Wo^Xo       , Gs^Efm      , Wo^Xo       , Wo^Xo       , Rrc         , Rrc         , Rd^Xo       , Rd^Xo       , Gs^Fds      , Gs^Fds      
Gs^Fds      , Rd^Xo       , Rr^Vht      , Rrc         , Wo^Xo       , Wo^Xo       , Gs^Efm      , Gs^Efm      , Gg^Fet      , Gs^Efm      , Gs^Efm      , Wo^Xo       , Wo^Xo       , Rrc         , Rr^Vht      , Rrc         , Wo^Xo       , Wo^Xo       , Gs^Efm      , Gs^Efm      , Gg^Fet      , Gs^Efm      , Gs^Efm      , Wo^Xo       , Wo^Xo       , Rrc         , Rr^Vht      , Rrc         , Wo^Xo       , Wo^Xo       , Gs^Efm      , Gs^Efm      , Gg^Fet      , Gs^Efm      , Gs^Efm      , Wo^Xo       , Wo^Xo       , Rrc         , Rr^Vht      , Rd^Xo       , Gs^Fds      
Gs^Fds      , Rd^Xo       , Rd^Xo       , Rrc         , Rrc         , Wo^Xo       , Wo^Xo       , Gs^Efm      , Gs^Efm      , Gs^Efm      , Wo^Xo       , Wo^Xo       , Rrc         , Rrc         , Wo^Xo       , Rrc         , Rrc         , Wo^Xo       , Wo^Xo       , Gs^Efm      , Gs^Efm      , Gs^Efm      , Wo^Xo       , Wo^Xo       , Rrc         , Rrc         , Wo^Xo       , Rrc         , Rrc         , Wo^Xo       , Wo^Xo       , Gs^Efm      , Gs^Efm      , Gs^Efm      , Wo^Xo       , Wo^Xo       , Rrc         , Rrc         , Rd^Xo       , Rd^Xo       , Gs^Fds      
Gs^Fds      , Gs^Fds      , Gs^Fds      , Rd^Xo       , Rd^Xo       , Rrc         , Rrc         , Wo^Xo       , Wo^Xo       , Wo^Xo       , Rrc         , Rrc         , Wo^Xo       , Wo^Xo       , Gs^Efm      , Wo^Xo       , Wo^Xo       , Rrc         , Rrc         , Wo^Xo       , Wo^Xo       , Wo^Xo       , Rrc         , Rrc         , Wo^Xo       , Wo^Xo       , Gs^Efm      , Wo^Xo       , Wo^Xo       , Rrc         , Rrc         , Wo^Xo       , Wo^Xo       , Wo^Xo       , Rrc         , Rrc         , Rd^Xo       , Rd^Xo       , Gs^Fds      , Gs^Fds      , Gs^Fds      
Gs^Fds      , Gs^Fds      , Gs^Fds      , Gs^Fds      , Gs^Fds      , Rd^Xo       , Rd^Xo       , Rrc         , Rr^Vht      , Rrc         , Wo^Xo       , Wo^Xo       , Gs^Efm      , Gs^Efm      , Gg^Fet      , Gs^Efm      , Gs^Efm      , Wo^Xo       , Wo^Xo       , Rrc         , Rr^Vd       , Rrc         , Wo^Xo       , Wo^Xo       , Gs^Efm      , Gs^Efm      , Gg^Fet      , Gs^Efm      , Gs^Efm      , Wo^Xo       , Wo^Xo       , Rrc         , Rr^Vht      , Rrc         , Rd^Xo       , Rd^Xo       , Gs^Fds      , Gs^Fds      , Gs^Fds      , Gs^Fds      , Gs^Fds      
Gs^Fds      , Gs^Fds      , Gs^Fds      , Gs^Fds      , Rd^Xo       , Rd^Xo       , Rrc         , Rrc         , Wo^Xo       , Rrc         , Rrc         , Wo^Xo       , Wo^Xo       , Gs^Efm      , Gs^Efm      , Gs^Efm      , Wo^Xo       , Wo^Xo       , Rrc         , Rrc         , Wo^Xo       , Rrc         , Rrc         , Wo^Xo       , Wo^Xo       , Gs^Efm      , Gs^Efm      , Gs^Efm      , Wo^Xo       , Wo^Xo       , Rrc         , Rrc         , Wo^Xo       , Rrc         , Rrc         , Rd^Xo       , Rd^Xo       , Gs^Fds      , Gs^Fds      , Gs^Fds      , Gs^Fds      
Gs^Fds      , Gs^Fds      , Rd^Xo       , Rd^Xo       , Rrc         , Rrc         , Wo^Xo       , Wo^Xo       , Gs^Efm      , Wo^Xo       , Wo^Xo       , Rrc         , Rrc         , Wo^Xo       , Wo^Xo       , Wo^Xo       , Rrc         , Rrc         , Wo^Xo       , Wo^Xo       , Gs^Efm      , Wo^Xo       , Wo^Xo       , Rrc         , Rrc         , Wo^Xo       , Wo^Xo       , Wo^Xo       , Rrc         , Rrc         , Wo^Xo       , Wo^Xo       , Gs^Efm      , Wo^Xo       , Wo^Xo       , Rrc         , Rrc         , Rd^Xo       , Rd^Xo       , Gs^Fds      , Gs^Fds      
Gs^Fds      , Rd^Xo       , Rr^Vht      , Rrc         , Wo^Xo       , Wo^Xo       , Gs^Efm      , Gs^Efm      , Gg^Fet      , Gs^Efm      , Gs^Efm      , Wo^Xo       , Wo^Xo       , Rrc         , Rr^Vht      , Rrc         , Wo^Xo       , Wo^Xo       , Gs^Efm      , Gs^Efm      , Gg^Fet      , Gs^Efm      , Gs^Efm      , Wo^Xo       , Wo^Xo       , Rrc         , Rr^Vht      , Rrc         , Wo^Xo       , Wo^Xo       , Gs^Efm      , Gs^Efm      , Gg^Fet      , Gs^Efm      , Gs^Efm      , Wo^Xo       , Wo^Xo       , Rrc         , Rr^Vht      , Rd^Xo       , Gs^Fds      
Gs^Fds      , Rd^Xo       , Rd^Xo       , Rrc         , Rrc         , Wo^Xo       , Wo^Xo       , Gs^Efm      , Gs^Efm      , Gs^Efm      , Wo^Xo       , Wo^Xo       , Rrc         , Rrc         , Wo^Xo       , Rrc         , Rrc         , Wo^Xo       , Wo^Xo       , Gs^Efm      , Gs^Efm      , Gs^Efm      , Wo^Xo       , Wo^Xo       , Rrc         , Rrc         , Wo^Xo       , Rrc         , Rrc         , Wo^Xo       , Wo^Xo       , Gs^Efm      , Gs^Efm      , Gs^Efm      , Wo^Xo       , Wo^Xo       , Rrc         , Rrc         , Rd^Xo       , Rd^Xo       , Gs^Fds      
Gs^Fds      , Gs^Fds      , Gs^Fds      , Rd^Xo       , Rd^Xo       , Rrc         , Rrc         , Wo^Xo       , Wo^Xo       , Wo^Xo       , Rrc         , Rrc         , Wo^Xo       , Wo^Xo       , Gs^Efm      , Wo^Xo       , Wo^Xo       , Rrc         , Rrc         , Wo^Xo       , Wo^Xo       , Wo^Xo       , Rrc         , Rrc         , Wo^Xo       , Wo^Xo       , Gs^Efm      , Wo^Xo       , Wo^Xo       , Rrc         , Rrc         , Wo^Xo       , Wo^Xo       , Wo^Xo       , Rrc         , Rrc         , Rd^Xo       , Rd^Xo       , Gs^Fds      , Gs^Fds      , Gs^Fds      
Gs^Fds      , Gs^Fds      , Gs^Fds      , Gs^Fds      , Gs^Fds      , Rd^Xo       , Rd^Xo       , Rrc         , Rr^Vht      , Rrc         , Wo^Xo       , Wo^Xo       , Gs^Efm      , Gs^Efm      , Gg^Fet      , Gs^Efm      , Gs^Efm      , Wo^Xo       , Wo^Xo       , Rrc         , Rr^Vht      , Rrc         , Wo^Xo       , Wo^Xo       , Gs^Efm      , Gs^Efm      , Gg^Fet      , Gs^Efm      , Gs^Efm      , Wo^Xo       , Wo^Xo       , Rrc         , Rr^Vht      , Rrc         , Re          , Re          , Gs^Fds      , Gs^Fds      , Gs^Fds      , Gs^Fds      , Gs^Fds      
Ds          , Gs^Fds      , Gs^Fds      , Gs^Fds      , Gs^Fds      , Gs^Fds      , Gs^Fds      , Rd^Xo       , Rd^Xo       , Rrc         , Rrc         , Wo^Xo       , Wo^Xo       , Gs^Efm      , Gs^Efm      , Gs^Efm      , Wo^Xo       , Wo^Xo       , Rrc         , Rrc         , Rd^Xo       , Rrc         , Rrc         , Wo^Xo       , Wo^Xo       , Gs^Efm      , Gs^Efm      , Gs^Efm      , Wo^Xo       , Wo^Xo       , Rrc         , Rrc         , Re          , Re          , Re          , 1 Gs^Fds    , Gs^Fds      , Gs^Fds      , Gs^Fds      , Gs^Fds      , Ds          
Wwt         , Ds          , Ds          , Gs^Fds      , Gs^Fds      , Gs^Fds      , Gs^Fds      , Gs^Fds      , Gs^Fds      , Rd^Xo       , Rd^Xo       , Rrc         , Rrc         , Wo^Xo       , Wo^Xo       , Wo^Xo       , Rrc         , Rrc         , Rd^Xo       , Rd^Xo       , Gs^Fds      , Rd^Xo       , Rd^Xo       , Rrc         , Rrc         , Wo^Xo       , Wo^Xo       , Wo^Xo       , Rrc         , Rrc         , Rd^Xo       , Re          , Gs^Fds      , Gs^Fds      , Gs^Fds      , Re          , Re          , Re          , Re          , Gs^Fds      , Ds          
Wot         , Wwt         , Wwt         , Ds          , Ds          , Gs^Fds      , Gs^Fds      , Gs^Fds      , Gs^Fds      , Gs^Fds      , Gs^Fds      , Rd^Xo       , Rd^Xo       , Rrc         , Rr^Vht      , Rrc         , Rd^Xo       , Rd^Xo       , Gs^Fds      , Gs^Fds      , Gs^Fds      , Gs^Fds      , Gs^Fds      , Rd^Xo       , Rd^Xo       , Rrc         , Rr^Vht      , Rrc         , Rd^Xo       , Rd^Xo       , Gs^Fds      , Gs^Fds      , Gs^Fds      , Gs^Fds      , Gs^Fds      , Re          , Ds^Bw\      , Ds          , Ds          , Ds          , Wwt         
Wot         , Wot         , Wot         , Wwt         , Wwt         , Ds          , Ds          , Gs^Fds      , Gs^Fds      , Gs^Fds      , Gs^Fds      , Gs^Fds      , Gs^Fds      , Rd^Xo       , Rd^Xo       , Rd^Xo       , Gs^Fds      , Gs^Fds      , Gs^Fds      , Gs^Fds      , Gs^Fds      , Gs^Fds      , Gs^Fds      , Gs^Fds      , Gs^Fds      , Rd^Xo       , Rd^Xo       , Rd^Xo       , Gs^Fds      , Gs^Fds      , Gs^Fds      , Gs^Fds      , Gs^Fds      , Gs^Fds      , Ds          , Ds          , Wwt         , Wwt         , Wwt         , Wwt         , Wwt         
Wot         , Wot         , Wot         , Wot         , Wot         , Wwt         , Wwt         , Ds          , Ds          , Gs^Fds      , Gs^Fds      , Gs^Fds      , Gs^Fds      , Gs^Fds      , Gs^Fds      , Gs^Fds      , Gs^Fds      , Gs^Fds      , Gs^Fds      , Gs^Fds      , Gs^Fds      , Gs^Fds      , Gs^Fds      , Gs^Fds      , Gs^Fds      , Gs^Fds      , Gs^Fds      , Gs^Fds      , Gs^Fds      , Gs^Fds      , Ds          , Gs^Fds      , Ds          , Ds          , Wwt         , Wwt         , Wot         , Wot         , Wot         , Wot         , Wot         
